[OK]   回到明朝当王爷 (月关) - 340万字, welfare=12.2/万字, vip=1.15/万字
[OK]   极品家丁 (禹岩) - 298万字, welfare=21.8/万字, vip=1.67/万字
[OK]   小兵传奇 (玄雨) - 212万字, welfare=6.0/万字, vip=3.91/万字
[OK]   邪风曲 (血红) - 288万字, welfare=17.6/万字, vip=1.52/万字
[OK]   邪气凛然 (跳舞) - 247万字, welfare=13.4/万字, vip=0.99/万字
[OK]   张三丰异界游 (写字板) - 399万字, welfare=6.7/万字, vip=1.28/万字
[OK]   王牌进化 (卷土) - 400万字, welfare=15.9/万字, vip=3.57/万字
[OK]   逍行纪 (血红) - 184万字, welfare=22.1/万字, vip=1.94/万字
[OK]   中华仙魔录 (龙鳞道) - 98万字, welfare=10.3/万字, vip=1.05/万字
[OK]   大汉帝国风云录 (猛子) - 536万字, welfare=3.8/万字, vip=1.75/万字
[OK]   大争之世 (月关) - 134万字, welfare=12.8/万字, vip=1.16/万字
[OK]   惟我独仙 (唐家三少) - 176万字, welfare=21.5/万字, vip=3.37/万字
[OK]   召唤千军 (高森) - 177万字, welfare=16.9/万字, vip=4.16/万字
[OK]   龙战星野 (血红) - 91万字, welfare=12.8/万字, vip=2.28/万字
{
  "回到明朝当王爷": {
    "author": "月关",
    "fingerprint": {
      "chars": 3396849,
      "chapters": 442,
      "comma_per_k": 66.21195113471337,
      "period_per_k": 18.272522564294142,
      "excl_per_k": 1.9709442486257116,
      "ellipsis_per_k": 1.8034360667783584,
      "quest_per_k": 4.7870835589100365,
      "excl_per_ch": 15.147058823529411,
      "ell_per_ch": 13.85972850678733,
      "avg_sent": 41.97090899803336,
      "long_pct": 58.14752381682119,
      "seem_per_10k": 0.1466064579261545,
      "maybe_per_10k": 0.3120539064291642
    },
    "sensory": {
      "total_chars": 3396849,
      "L1_body_upper": 333,
      "L1_body_lower": 753,
      "L1_body_general": 949,
      "L1_total": 2035,
      "L2_clothing": 115,
      "L3_light": 315,
      "L3_mid": 179,
      "L3_heavy": 51,
      "L3_total": 545,
      "L4_body": 646,
      "L4_voice": 318,
      "L4_total": 964,
      "L5_atmosphere": 325,
      "L6_dialogue": 101,
      "L7_aftermath": 46,
      "total_welfare": 4131,
      "welfare_density": 12.161270636404502,
      "vip_keywords": 391,
      "vip_density": 1.151066768054747
    }
  },
  "极品家丁": {
    "author": "禹岩",
    "fingerprint": {
      "chars": 2976004,
      "chapters": 637,
      "comma_per_k": 65.03855505570557,
      "period_per_k": 26.3259054759335,
      "excl_per_k": 4.91598801614514,
      "ellipsis_per_k": 0.03091393694363314,
      "quest_per_k": 6.816187075017372,
      "excl_per_ch": 22.967032967032967,
      "ell_per_ch": 0.14442700156985872,
      "avg_sent": 30.077002009943932,
      "long_pct": 39.04157410345922,
      "seem_per_10k": 0.5396498122986394,
      "maybe_per_10k": 0.2110212217456697
    },
    "sensory": {
      "total_chars": 2976004,
      "L1_body_upper": 509,
      "L1_body_lower": 612,
      "L1_body_general": 1308,
      "L1_total": 2429,
      "L2_clothing": 239,
      "L3_light": 664,
      "L3_mid": 410,
      "L3_heavy": 46,
      "L3_total": 1120,
      "L4_body": 1302,
      "L4_voice": 381,
      "L4_total": 1683,
      "L5_atmosphere": 297,
      "L6_dialogue": 691,
      "L7_aftermath": 14,
      "total_welfare": 6473,
      "welfare_density": 21.750642808275796,
      "vip_keywords": 497,
      "vip_density": 1.67002463706366
    }
  },
  "小兵传奇": {
    "author": "玄雨",
    "fingerprint": {
      "chars": 2124044,
      "chapters": 281,
      "comma_per_k": 51.03237032754501,
      "period_per_k": 18.480313967130627,
      "excl_per_k": 3.67977311204476,
      "ellipsis_per_k": 0.5225880443154662,
      "quest_per_k": 5.582276073377011,
      "excl_per_ch": 27.814946619217082,
      "ell_per_ch": 3.9501779359430604,
      "avg_sent": 36.50157509744247,
      "long_pct": 55.44342997490522,
      "seem_per_10k": 0.2386956202413886,
      "maybe_per_10k": 0.703375259646222
    },
    "sensory": {
      "total_chars": 2124044,
      "L1_body_upper": 1,
      "L1_body_lower": 142,
      "L1_body_general": 382,
      "L1_total": 525,
      "L2_clothing": 37,
      "L3_light": 65,
      "L3_mid": 53,
      "L3_heavy": 22,
      "L3_total": 140,
      "L4_body": 177,
      "L4_voice": 151,
      "L4_total": 328,
      "L5_atmosphere": 107,
      "L6_dialogue": 69,
      "L7_aftermath": 72,
      "total_welfare": 1278,
      "welfare_density": 6.016824510226718,
      "vip_keywords": 831,
      "vip_density": 3.9123483317671384
    }
  },
  "邪风曲": {
    "author": "血红",
    "fingerprint": {
      "chars": 2877885,
      "chapters": 510,
      "comma_per_k": 62.72106077900958,
      "period_per_k": 22.972078453447583,
      "excl_per_k": 1.4093683382067037,
      "ellipsis_per_k": 0.3321883952972408,
      "quest_per_k": 6.105177934490085,
      "excl_per_ch": 7.952941176470588,
      "ell_per_ch": 1.8745098039215686,
      "avg_sent": 37.64843263160747,
      "long_pct": 54.81047982876805,
      "seem_per_10k": 0.5952287878077129,
      "maybe_per_10k": 0.3269762342831628
    },
    "sensory": {
      "total_chars": 2877885,
      "L1_body_upper": 33,
      "L1_body_lower": 614,
      "L1_body_general": 2328,
      "L1_total": 2975,
      "L2_clothing": 164,
      "L3_light": 98,
      "L3_mid": 118,
      "L3_heavy": 71,
      "L3_total": 287,
      "L4_body": 836,
      "L4_voice": 531,
      "L4_total": 1367,
      "L5_atmosphere": 135,
      "L6_dialogue": 96,
      "L7_aftermath": 32,
      "total_welfare": 5056,
      "welfare_density": 17.568457391452405,
      "vip_keywords": 438,
      "vip_density": 1.5219510161107896
    }
  },
  "邪气凛然": {
    "author": "跳舞",
    "fingerprint": {
      "chars": 2471175,
      "chapters": 620,
      "comma_per_k": 54.98639311258814,
      "period_per_k": 19.854927311906277,
      "excl_per_k": 10.691270347102087,
      "ellipsis_per_k": 7.71252541807035,
      "quest_per_k": 4.5209262800084975,
      "excl_per_ch": 42.61290322580645,
      "ell_per_ch": 30.740322580645163,
      "avg_sent": 26.136850352572473,
      "long_pct": 30.393904640784857,
      "seem_per_10k": 1.492407457990632,
      "maybe_per_10k": 0.5317308567786578
    },
    "sensory": {
      "total_chars": 2471175,
      "L1_body_upper": 67,
      "L1_body_lower": 322,
      "L1_body_general": 719,
      "L1_total": 1108,
      "L2_clothing": 243,
      "L3_light": 387,
      "L3_mid": 59,
      "L3_heavy": 43,
      "L3_total": 489,
      "L4_body": 718,
      "L4_voice": 133,
      "L4_total": 851,
      "L5_atmosphere": 348,
      "L6_dialogue": 190,
      "L7_aftermath": 71,
      "total_welfare": 3300,
      "welfare_density": 13.353971288961729,
      "vip_keywords": 244,
      "vip_density": 0.9873845437898975
    }
  },
  "张三丰异界游": {
    "author": "写字板",
    "fingerprint": {
      "chars": 3990675,
      "chapters": 963,
      "comma_per_k": 52.50389971621342,
      "period_per_k": 15.645222925946111,
      "excl_per_k": 16.19600694118163,
      "ellipsis_per_k": 0.029568932574063282,
      "quest_per_k": 6.691599792015135,
      "excl_per_ch": 67.11630321910695,
      "ell_per_ch": 0.122533748701973,
      "avg_sent": 28.30045764873584,
      "long_pct": 35.159426813714454,
      "seem_per_10k": 0.23128919293102043,
      "maybe_per_10k": 0.7697945836230713
    },
    "sensory": {
      "total_chars": 3990675,
      "L1_body_upper": 7,
      "L1_body_lower": 171,
      "L1_body_general": 1376,
      "L1_total": 1554,
      "L2_clothing": 87,
      "L3_light": 67,
      "L3_mid": 43,
      "L3_heavy": 10,
      "L3_total": 120,
      "L4_body": 377,
      "L4_voice": 90,
      "L4_total": 467,
      "L5_atmosphere": 114,
      "L6_dialogue": 284,
      "L7_aftermath": 63,
      "total_welfare": 2689,
      "welfare_density": 6.738208448445438,
      "vip_keywords": 510,
      "vip_density": 1.2779792892179895
    }
  },
  "王牌进化": {
    "author": "卷土",
    "fingerprint": {
      "chars": 3997051,
      "chapters": 1217,
      "comma_per_k": 38.82737548257453,
      "period_per_k": 23.16607919188422,
      "excl_per_k": 6.632389729327947,
      "ellipsis_per_k": 0.9421946329931742,
      "quest_per_k": 1.642711088750181,
      "excl_per_ch": 21.783073130649136,
      "ell_per_ch": 3.094494658997535,
      "avg_sent": 33.56831231483181,
      "long_pct": 38.331454340473506,
      "seem_per_10k": 0.9499503508961983,
      "maybe_per_10k": 0.6182057722055586
    },
    "sensory": {
      "total_chars": 3997051,
      "L1_body_upper": 81,
      "L1_body_lower": 446,
      "L1_body_general": 3365,
      "L1_total": 3892,
      "L2_clothing": 346,
      "L3_light": 269,
      "L3_mid": 128,
      "L3_heavy": 176,
      "L3_total": 573,
      "L4_body": 978,
      "L4_voice": 195,
      "L4_total": 1173,
      "L5_atmosphere": 197,
      "L6_dialogue": 144,
      "L7_aftermath": 30,
      "total_welfare": 6355,
      "welfare_density": 15.899221701199208,
      "vip_keywords": 1427,
      "vip_density": 3.570132079875888
    }
  },
  "逍行纪": {
    "author": "血红",
    "fingerprint": {
      "chars": 1843708,
      "chapters": 358,
      "comma_per_k": 37.06389515042512,
      "period_per_k": 26.118018688425714,
      "excl_per_k": 4.803363656283967,
      "ellipsis_per_k": 0.00976293426073977,
      "quest_per_k": 3.702321625767204,
      "excl_per_ch": 24.737430167597765,
      "ell_per_ch": 0.05027932960893855,
      "avg_sent": 30.09159264121669,
      "long_pct": 37.53900189255085,
      "seem_per_10k": 0.40244984563716163,
      "maybe_per_10k": 0.49031625398381956
    },
    "sensory": {
      "total_chars": 1843708,
      "L1_body_upper": 54,
      "L1_body_lower": 281,
      "L1_body_general": 2344,
      "L1_total": 2679,
      "L2_clothing": 164,
      "L3_light": 114,
      "L3_mid": 78,
      "L3_heavy": 39,
      "L3_total": 231,
      "L4_body": 552,
      "L4_voice": 267,
      "L4_total": 819,
      "L5_atmosphere": 84,
      "L6_dialogue": 81,
      "L7_aftermath": 22,
      "total_welfare": 4080,
      "welfare_density": 22.12931765767681,
      "vip_keywords": 358,
      "vip_density": 1.9417391474137986
    }
  },
  "中华仙魔录": {
    "author": "龙鳞道",
    "fingerprint": {
      "chars": 984510,
      "chapters": 257,
      "comma_per_k": 69.73722968786502,
      "period_per_k": 24.516764684970187,
      "excl_per_k": 0.6592111811967375,
      "ellipsis_per_k": 0.09446323551817655,
      "quest_per_k": 2.313841403337701,
      "excl_per_ch": 2.5252918287937742,
      "ell_per_ch": 0.36186770428015563,
      "avg_sent": 49.43036856058637,
      "long_pct": 64.99454176846702,
      "seem_per_10k": 0.8379803150805984,
      "maybe_per_10k": 0.15134432357213234
    },
    "sensory": {
      "total_chars": 984510,
      "L1_body_upper": 11,
      "L1_body_lower": 155,
      "L1_body_general": 363,
      "L1_total": 529,
      "L2_clothing": 72,
      "L3_light": 49,
      "L3_mid": 35,
      "L3_heavy": 1,
      "L3_total": 85,
      "L4_body": 110,
      "L4_voice": 62,
      "L4_total": 172,
      "L5_atmosphere": 105,
      "L6_dialogue": 43,
      "L7_aftermath": 12,
      "total_welfare": 1018,
      "welfare_density": 10.34016922123696,
      "vip_keywords": 103,
      "vip_density": 1.0462057267066867
    }
  },
  "大汉帝国风云录": {
    "author": "猛子",
    "fingerprint": {
      "chars": 5362128,
      "chapters": 1912,
      "comma_per_k": 60.20333718255141,
      "period_per_k": 27.539812552031584,
      "excl_per_k": 0.041774459692122234,
      "ellipsis_per_k": 1.557404075396932,
      "quest_per_k": 5.107487176732819,
      "excl_per_ch": 0.11715481171548117,
      "ell_per_ch": 4.3676778242677825,
      "avg_sent": 29.356238646360552,
      "long_pct": 39.404983605059016,
      "seem_per_10k": 0.07329179758483946,
      "maybe_per_10k": 0.6976707754831665
    },
    "sensory": {
      "total_chars": 5362128,
      "L1_body_upper": 6,
      "L1_body_lower": 147,
      "L1_body_general": 537,
      "L1_total": 690,
      "L2_clothing": 21,
      "L3_light": 210,
      "L3_mid": 71,
      "L3_heavy": 29,
      "L3_total": 310,
      "L4_body": 722,
      "L4_voice": 74,
      "L4_total": 796,
      "L5_atmosphere": 48,
      "L6_dialogue": 100,
      "L7_aftermath": 60,
      "total_welfare": 2025,
      "welfare_density": 3.7764857534172998,
      "vip_keywords": 940,
      "vip_density": 1.7530353620801293
    }
  },
  "大争之世": {
    "author": "月关",
    "fingerprint": {
      "chars": 1340568,
      "chapters": 293,
      "comma_per_k": 63.8505469323451,
      "period_per_k": 24.75070268721915,
      "excl_per_k": 1.7552261429483622,
      "ellipsis_per_k": 2.863711501393439,
      "quest_per_k": 4.229550459208336,
      "excl_per_ch": 8.030716723549489,
      "ell_per_ch": 13.102389078498293,
      "avg_sent": 32.11625856509472,
      "long_pct": 40.6816807738815,
      "seem_per_10k": 0.21707216642497806,
      "maybe_per_10k": 0.37819789820434324
    },
    "sensory": {
      "total_chars": 1340568,
      "L1_body_upper": 192,
      "L1_body_lower": 311,
      "L1_body_general": 458,
      "L1_total": 961,
      "L2_clothing": 44,
      "L3_light": 102,
      "L3_mid": 55,
      "L3_heavy": 26,
      "L3_total": 183,
      "L4_body": 286,
      "L4_voice": 113,
      "L4_total": 399,
      "L5_atmosphere": 80,
      "L6_dialogue": 43,
      "L7_aftermath": 8,
      "total_welfare": 1718,
      "welfare_density": 12.815463296155063,
      "vip_keywords": 155,
      "vip_density": 1.1562263160093333
    }
  },
  "惟我独仙": {
    "author": "唐家三少",
    "fingerprint": {
      "chars": 1763951,
      "chapters": 226,
      "comma_per_k": 63.72909451566398,
      "period_per_k": 25.230292678197976,
      "excl_per_k": 1.069757606645536,
      "ellipsis_per_k": 0.4467244271524549,
      "quest_per_k": 3.468917220489685,
      "excl_per_ch": 8.349557522123893,
      "ell_per_ch": 3.4867256637168142,
      "avg_sent": 33.93557004166418,
      "long_pct": 45.67310567549788,
      "seem_per_10k": 0.946738316427157,
      "maybe_per_10k": 0.7205415569933632
    },
    "sensory": {
      "total_chars": 1763951,
      "L1_body_upper": 15,
      "L1_body_lower": 119,
      "L1_body_general": 2561,
      "L1_total": 2695,
      "L2_clothing": 111,
      "L3_light": 144,
      "L3_mid": 91,
      "L3_heavy": 30,
      "L3_total": 265,
      "L4_body": 473,
      "L4_voice": 55,
      "L4_total": 528,
      "L5_atmosphere": 51,
      "L6_dialogue": 129,
      "L7_aftermath": 11,
      "total_welfare": 3790,
      "welfare_density": 21.485857600352844,
      "vip_keywords": 595,
      "vip_density": 3.3731095705039422
    }
  },
  "召唤千军": {
    "author": "高森",
    "fingerprint": {
      "chars": 1765796,
      "chapters": 620,
      "comma_per_k": 48.29210169238122,
      "period_per_k": 25.270189761444698,
      "excl_per_k": 4.369134373393075,
      "ellipsis_per_k": 0.12515602028773426,
      "quest_per_k": 2.86499686260474,
      "excl_per_ch": 12.443548387096774,
      "ell_per_ch": 0.3564516129032258,
      "avg_sent": 32.95356417863835,
      "long_pct": 42.869690818238595,
      "seem_per_10k": 0.9383869937410664,
      "maybe_per_10k": 0.9514122809203328
    },
    "sensory": {
      "total_chars": 1765796,
      "L1_body_upper": 7,
      "L1_body_lower": 220,
      "L1_body_general": 2006,
      "L1_total": 2233,
      "L2_clothing": 82,
      "L3_light": 122,
      "L3_mid": 64,
      "L3_heavy": 25,
      "L3_total": 211,
      "L4_body": 228,
      "L4_voice": 40,
      "L4_total": 268,
      "L5_atmosphere": 97,
      "L6_dialogue": 92,
      "L7_aftermath": 3,
      "total_welfare": 2986,
      "welfare_density": 16.910220659691152,
      "vip_keywords": 734,
      "vip_density": 4.156765560687645
    }
  },
  "龙战星野": {
    "author": "血红",
    "fingerprint": {
      "chars": 910326,
      "chapters": 116,
      "comma_per_k": 55.37356946852007,
      "period_per_k": 25.33378152442092,
      "excl_per_k": 0.017576121081898134,
      "ellipsis_per_k": 0.015379105946660867,
      "quest_per_k": 4.164442188842239,
      "excl_per_ch": 0.13793103448275862,
      "ell_per_ch": 0.1206896551724138,
      "avg_sent": 43.88905480065701,
      "long_pct": 63.36668159872579,
      "seem_per_10k": 0.503116465969334,
      "maybe_per_10k": 0.5833075184054943
    },
    "sensory": {
      "total_chars": 910326,
      "L1_body_upper": 9,
      "L1_body_lower": 90,
      "L1_body_general": 557,
      "L1_total": 656,
      "L2_clothing": 42,
      "L3_light": 54,
      "L3_mid": 35,
      "L3_heavy": 13,
      "L3_total": 102,
      "L4_body": 165,
      "L4_voice": 111,
      "L4_total": 276,
      "L5_atmosphere": 44,
      "L6_dialogue": 37,
      "L7_aftermath": 12,
      "total_welfare": 1169,
      "welfare_density": 12.841553465461823,
      "vip_keywords": 208,
      "vip_density": 2.2848957406467574
    }
  }
}
